--------------------------------------------------------------------------------------
Timing Analyzer Summary
--------------------------------------------------------------------------------------

Type           : Worst-case tsu
Slack          : N/A
Required Time  : None
Actual Time    : 7.230 ns
From           : LCD_D[5]
To             : NIOS_System_1:inst|cpu:the_cpu|d_readdata_d1[5]
From Clock     : --
To Clock       : iCLK_50
Failed Paths   : 0

Type           : Worst-case tco
Slack          : N/A
Required Time  : None
Actual Time    : 14.854 ns
From           : NIOS_System_1:inst|cpu:the_cpu|M_alu_result[14]
To             : oLCD_EN
From Clock     : iCLK_50
To Clock       : --
Failed Paths   : 0

Type           : Worst-case tpd
Slack          : N/A
Required Time  : None
Actual Time    : 2.622 ns
From           : altera_internal_jtag~TDO
To             : altera_reserved_tdo
From Clock     : --
To Clock       : --
Failed Paths   : 0

Type           : Worst-case th
Slack          : N/A
Required Time  : None
Actual Time    : 1.008 ns
From           : altera_internal_jtag~TMSUTAP
To             : sld_hub:sld_hub_inst|sld_jtag_state_machine:jtag_state_machine|state[2]
From Clock     : --
To Clock       : altera_internal_jtag~TCKUTAP
Failed Paths   : 0

Type           : Clock Setup: 'iCLK_50'
Slack          : N/A
Required Time  : None
Actual Time    : 89.41 MHz ( period = 11.185 ns )
From           : NIOS_System_1:inst|cpu:the_cpu|M_ctrl_shift_rot
To             : NIOS_System_1:inst|cpu:the_cpu|M_ienable_reg[0]
From Clock     : iCLK_50
To Clock       : iCLK_50
Failed Paths   : 0

Type           : Clock Setup: 'altera_internal_jtag~TCKUTAP'
Slack          : N/A
Required Time  : None
Actual Time    : 197.32 MHz ( period = 5.068 ns )
From           : NIOS_System_1:inst|jtag_uart:the_jtag_uart|alt_jtag_atlantic:jtag_uart_alt_jtag_atlantic|td_shift[0]
To             : sld_hub:sld_hub_inst|hub_tdo_reg
From Clock     : altera_internal_jtag~TCKUTAP
To Clock       : altera_internal_jtag~TCKUTAP
Failed Paths   : 0

Type           : Total number of failed paths
Slack          : 
Required Time  : 
Actual Time    : 
From           : 
To             : 
From Clock     : 
To Clock       : 
Failed Paths   : 0

--------------------------------------------------------------------------------------

